<html>
<body>
<pre>
<h1>礦ision Build Log</h1>
<h2>Tool Versions:</h2>
IDE-Version: μVision V5.24.2.0
Copyright (C) 2017 ARM Ltd and ARM Germany GmbH. All rights reserved.
License Information: h george, h, LIC=76FUH-WRIRK-Q0NNJ-U4SUT-SZ4PE-GQWH6
 
Tool Versions:
Toolchain:       MDK-ARM Plus  Version: 5.24.1
Toolchain Path:  D:\Keil_v5\ARM\ARMCC\Bin
C Compiler:      Armcc.exe V5.06 update 5 (build 528)
Assembler:       Armasm.exe V5.06 update 5 (build 528)
Linker/Locator:  ArmLink.exe V5.06 update 5 (build 528)
Library Manager: ArmAr.exe V5.06 update 5 (build 528)
Hex Converter:   FromElf.exe V5.06 update 5 (build 528)
CPU DLL:         SARMCM3.DLL V5.24.1
Dialog DLL:      DCM.DLL V1.16.0.0
Target DLL:      STLink\ST-LINKIII-KEIL_SWO.dll V3.0.1.0
Dialog DLL:      TCM.DLL V1.32.0.0
 
<h2>Project:</h2>
D:\A文档\ASM\traffic-light\MDK-ARM\traffic-light.uvprojx
Project File Date:  03/20/2020

<h2>Output:</h2>
*** Using Compiler 'V5.06 update 5 (build 528)', folder: 'D:\Keil_v5\ARM\ARMCC\Bin'
Build target 'traffic-light'
compiling main.c...
../Src/main.c(216): warning:  #223-D: function "memset" declared implicitly
  			memset(RxBuffer,0x00,sizeof(RxBuffer)); //清空数组
../Src/main.c(224): warning:  #223-D: function "atoi" declared implicitly
  				tnum=(atoi(RxBuffer))%10;
../Src/main.c(241): warning:  #223-D: function "memset" declared implicitly
  				memset(RxBuffer,0x00,sizeof(RxBuffer)); //清空数组
../Src/main.c: 3 warnings, 0 errors
linking...
Program Size: Code=7176 RO-data=428 RW-data=32 ZI-data=1408  
FromELF: creating hex file...
"traffic-light\traffic-light.axf" - 0 Error(s), 3 Warning(s).

<h2>Software Packages used:</h2>

Package Vendor: Keil
                http://www.keil.com/pack/Keil.STM32F1xx_DFP.2.3.0.pack
                Keil.STM32F1xx_DFP.2.3.0
                STMicroelectronics STM32F1 Series Device Support, Drivers and Examples

<h2>Collection of Component include folders:</h2>
  .\RTE\_traffic-light
  D:\Keil_v5\ARM\PACK\Keil\STM32F1xx_DFP\2.3.0\Device\Include

<h2>Collection of Component Files used:</h2>
Build Time Elapsed:  00:00:01
</pre>
</body>
</html>
